nohup: no se tendrá en cuenta la entrada
 * Serving Flask app 'app'
 * Debug mode: on
[31m[1mWARNING: This is a development server. Do not use it in a production deployment. Use a production WSGI server instead.[0m
 * Running on all addresses (0.0.0.0)
 * Running on http://127.0.0.1:5000
 * Running on http://192.168.1.19:5000
[33mPress CTRL+C to quit[0m
 * Restarting with stat
 * Debugger is active!
 * Debugger PIN: 146-114-201
127.0.0.1 - - [27/Jan/2026 20:41:34] "GET / HTTP/1.1" 200 -
 * Detected change in '/home/axel-michael/Documentos/guia_estudio/english-learning-platform/app/models.py', reloading
 * Restarting with stat
 * Debugger is active!
 * Debugger PIN: 146-114-201
 * Detected change in '/home/axel-michael/Documentos/guia_estudio/english-learning-platform/app/routes/reading.py', reloading
 * Restarting with stat
 * Debugger is active!
 * Debugger PIN: 146-114-201
 * Detected change in '/home/axel-michael/Documentos/guia_estudio/english-learning-platform/app/services/feedback.py', reloading
 * Restarting with stat
 * Debugger is active!
 * Debugger PIN: 146-114-201
 * Detected change in '/home/axel-michael/Documentos/guia_estudio/english-learning-platform/app/__init__.py', reloading
 * Restarting with stat
 * Debugger is active!
 * Debugger PIN: 146-114-201
 * Detected change in '/home/axel-michael/Documentos/guia_estudio/english-learning-platform/seed_reading_system.py', reloading
 * Restarting with stat
 * Debugger is active!
 * Debugger PIN: 146-114-201
 * Detected change in '/home/axel-michael/Documentos/guia_estudio/english-learning-platform/app/routes/reading.py', reloading
 * Restarting with stat
 * Debugger is active!
 * Debugger PIN: 146-114-201
 * Detected change in '/home/axel-michael/Documentos/guia_estudio/english-learning-platform/seed_all_readings.py', reloading
 * Restarting with stat
 * Debugger is active!
 * Debugger PIN: 146-114-201
 * Detected change in '/home/axel-michael/Documentos/guia_estudio/english-learning-platform/seed_all_readings.py', reloading
 * Restarting with stat
 * Debugger is active!
 * Debugger PIN: 146-114-201
 * Detected change in '/home/axel-michael/Documentos/guia_estudio/english-learning-platform/app/routes/units.py', reloading
 * Restarting with stat
 * Debugger is active!
 * Debugger PIN: 146-114-201
 * Detected change in '/home/axel-michael/Documentos/guia_estudio/english-learning-platform/app/routes/units.py', reloading
 * Restarting with stat
 * Debugger is active!
 * Debugger PIN: 146-114-201
